marketplace/shared/mero-board/controllers/epic.controller.ts(22,30): error TS2307: Cannot find module '../../../../../../src/auth/guards/jwt-auth.guard' or its corresponding type declarations.
marketplace/shared/mero-board/controllers/epic.controller.ts(23,29): error TS2307: Cannot find module '../../../../../../src/common/decorators/current-user.decorator' or its corresponding type declarations.
marketplace/shared/mero-board/controllers/epic.controller.ts(24,37): error TS2307: Cannot find module '../../../../../../src/common/decorators/current-organization.decorator' or its corresponding type declarations.
marketplace/shared/mero-board/controllers/project-template.controller.ts(20,30): error TS2307: Cannot find module '../../../../../../src/auth/guards/jwt-auth.guard' or its corresponding type declarations.
marketplace/shared/mero-board/controllers/project-template.controller.ts(21,29): error TS2307: Cannot find module '../../../../../../src/common/decorators/current-user.decorator' or its corresponding type declarations.
marketplace/shared/mero-board/controllers/project-template.controller.ts(22,37): error TS2307: Cannot find module '../../../../../../src/common/decorators/current-organization.decorator' or its corresponding type declarations.
marketplace/shared/mero-board/controllers/project.controller.ts(23,30): error TS2307: Cannot find module '../../../../../../src/auth/guards/jwt-auth.guard' or its corresponding type declarations.
marketplace/shared/mero-board/controllers/project.controller.ts(24,29): error TS2307: Cannot find module '../../../../../../src/common/decorators/current-user.decorator' or its corresponding type declarations.
marketplace/shared/mero-board/controllers/project.controller.ts(25,37): error TS2307: Cannot find module '../../../../../../src/common/decorators/current-organization.decorator' or its corresponding type declarations.
marketplace/shared/mero-board/controllers/report.controller.ts(17,30): error TS2307: Cannot find module '../../../../../../src/auth/guards/jwt-auth.guard' or its corresponding type declarations.
marketplace/shared/mero-board/controllers/report.controller.ts(18,29): error TS2307: Cannot find module '../../../../../../src/common/decorators/current-user.decorator' or its corresponding type declarations.
marketplace/shared/mero-board/controllers/report.controller.ts(19,37): error TS2307: Cannot find module '../../../../../../src/common/decorators/current-organization.decorator' or its corresponding type declarations.
marketplace/shared/mero-board/controllers/task.controller.ts(23,30): error TS2307: Cannot find module '../../../../../../src/auth/guards/jwt-auth.guard' or its corresponding type declarations.
marketplace/shared/mero-board/controllers/task.controller.ts(24,29): error TS2307: Cannot find module '../../../../../../src/common/decorators/current-user.decorator' or its corresponding type declarations.
marketplace/shared/mero-board/controllers/task.controller.ts(25,37): error TS2307: Cannot find module '../../../../../../src/common/decorators/current-organization.decorator' or its corresponding type declarations.
marketplace/shared/mero-board/controllers/workspace-template.controller.ts(20,30): error TS2307: Cannot find module '../../../../../../src/auth/guards/jwt-auth.guard' or its corresponding type declarations.
marketplace/shared/mero-board/controllers/workspace-template.controller.ts(21,29): error TS2307: Cannot find module '../../../../../../src/common/decorators/current-user.decorator' or its corresponding type declarations.
marketplace/shared/mero-board/controllers/workspace-template.controller.ts(22,37): error TS2307: Cannot find module '../../../../../../src/common/decorators/current-organization.decorator' or its corresponding type declarations.
marketplace/shared/mero-board/controllers/workspace.controller.ts(22,30): error TS2307: Cannot find module '../../../../../../src/auth/guards/jwt-auth.guard' or its corresponding type declarations.
marketplace/shared/mero-board/controllers/workspace.controller.ts(23,29): error TS2307: Cannot find module '../../../../../../src/common/decorators/current-user.decorator' or its corresponding type declarations.
marketplace/shared/mero-board/controllers/workspace.controller.ts(24,37): error TS2307: Cannot find module '../../../../../../src/common/decorators/current-organization.decorator' or its corresponding type declarations.
marketplace/shared/mero-board/dto/create-epic.dto.ts(3,28): error TS2307: Cannot find module '../../../../../../src/database/entities/epics.entity' or its corresponding type declarations.
marketplace/shared/mero-board/dto/create-project-template.dto.ts(4,42): error TS2307: Cannot find module '../../../../../../src/database/entities/tasks.entity' or its corresponding type declarations.
marketplace/shared/mero-board/dto/create-project.dto.ts(3,31): error TS2307: Cannot find module '../../../../../../src/database/entities/projects.entity' or its corresponding type declarations.
marketplace/shared/mero-board/dto/create-task.dto.ts(3,42): error TS2307: Cannot find module '../../../../../../src/database/entities/tasks.entity' or its corresponding type declarations.
marketplace/shared/mero-board/dto/update-epic.dto.ts(3,28): error TS2307: Cannot find module '../../../../../../src/database/entities/epics.entity' or its corresponding type declarations.
marketplace/shared/mero-board/dto/update-project.dto.ts(3,31): error TS2307: Cannot find module '../../../../../../src/database/entities/projects.entity' or its corresponding type declarations.
marketplace/shared/mero-board/dto/update-task.dto.ts(3,42): error TS2307: Cannot find module '../../../../../../src/database/entities/tasks.entity' or its corresponding type declarations.
marketplace/shared/mero-board/entities/project-template-task.entity.ts(11,42): error TS2307: Cannot find module '../../../../../../src/database/entities/tasks.entity' or its corresponding type declarations.
marketplace/shared/mero-board/entities/project-template.entity.ts(12,30): error TS2307: Cannot find module '../../../../../../src/database/entities/organizations.entity' or its corresponding type declarations.
marketplace/shared/mero-board/entities/project-template.entity.ts(13,22): error TS2307: Cannot find module '../../../../../../src/database/entities/users.entity' or its corresponding type declarations.
marketplace/shared/mero-board/entities/task-activity.entity.ts(10,22): error TS2307: Cannot find module '../../../../../../src/database/entities/tasks.entity' or its corresponding type declarations.
marketplace/shared/mero-board/entities/task-activity.entity.ts(11,22): error TS2307: Cannot find module '../../../../../../src/database/entities/users.entity' or its corresponding type declarations.
marketplace/shared/mero-board/entities/task-attachment.entity.ts(10,22): error TS2307: Cannot find module '../../../../../../src/database/entities/tasks.entity' or its corresponding type declarations.
marketplace/shared/mero-board/entities/task-attachment.entity.ts(11,22): error TS2307: Cannot find module '../../../../../../src/database/entities/users.entity' or its corresponding type declarations.
marketplace/shared/mero-board/entities/task-comment.entity.ts(11,22): error TS2307: Cannot find module '../../../../../../src/database/entities/tasks.entity' or its corresponding type declarations.
marketplace/shared/mero-board/entities/task-comment.entity.ts(12,22): error TS2307: Cannot find module '../../../../../../src/database/entities/users.entity' or its corresponding type declarations.
marketplace/shared/mero-board/entities/task-dependency.entity.ts(11,22): error TS2307: Cannot find module '../../../../../../src/database/entities/tasks.entity' or its corresponding type declarations.
marketplace/shared/mero-board/entities/task-time-log.entity.ts(11,22): error TS2307: Cannot find module '../../../../../../src/database/entities/tasks.entity' or its corresponding type declarations.
marketplace/shared/mero-board/entities/task-time-log.entity.ts(12,22): error TS2307: Cannot find module '../../../../../../src/database/entities/users.entity' or its corresponding type declarations.
marketplace/shared/mero-board/entities/workspace-member.entity.ts(12,22): error TS2307: Cannot find module '../../../../../../src/database/entities/users.entity' or its corresponding type declarations.
marketplace/shared/mero-board/entities/workspace-template.entity.ts(12,30): error TS2307: Cannot find module '../../../../../../src/database/entities/organizations.entity' or its corresponding type declarations.
marketplace/shared/mero-board/entities/workspace-template.entity.ts(13,22): error TS2307: Cannot find module '../../../../../../src/database/entities/users.entity' or its corresponding type declarations.
marketplace/shared/mero-board/entities/workspace.entity.ts(12,30): error TS2307: Cannot find module '../../../../../../src/database/entities/organizations.entity' or its corresponding type declarations.
marketplace/shared/mero-board/entities/workspace.entity.ts(13,22): error TS2307: Cannot find module '../../../../../../src/database/entities/users.entity' or its corresponding type declarations.
marketplace/shared/mero-board/seeds/workspace-project-templates.seed.ts(6,30): error TS2307: Cannot find module '../../../../../../src/database/entities/organizations.entity' or its corresponding type declarations.
marketplace/shared/mero-board/seeds/workspace-project-templates.seed.ts(7,22): error TS2307: Cannot find module '../../../../../../src/database/entities/users.entity' or its corresponding type declarations.
marketplace/shared/mero-board/seeds/workspace-project-templates.seed.ts(8,42): error TS2307: Cannot find module '../../../../../../src/database/entities/tasks.entity' or its corresponding type declarations.
marketplace/shared/mero-board/services/epic.service.ts(9,34): error TS2307: Cannot find module '../../../../../../src/database/entities/epics.entity' or its corresponding type declarations.
marketplace/shared/mero-board/services/epic.service.ts(10,25): error TS2307: Cannot find module '../../../../../../src/database/entities/projects.entity' or its corresponding type declarations.
marketplace/shared/mero-board/services/project-template.service.ts(11,25): error TS2307: Cannot find module '../../../../../../src/database/entities/projects.entity' or its corresponding type declarations.
marketplace/shared/mero-board/services/project-template.service.ts(12,22): error TS2307: Cannot find module '../../../../../../src/database/entities/tasks.entity' or its corresponding type declarations.
marketplace/shared/mero-board/services/project.service.ts(9,40): error TS2307: Cannot find module '../../../../../../src/database/entities/projects.entity' or its corresponding type declarations.
marketplace/shared/mero-board/services/report.service.ts(4,25): error TS2307: Cannot find module '../../../../../../src/database/entities/projects.entity' or its corresponding type declarations.
marketplace/shared/mero-board/services/report.service.ts(5,34): error TS2307: Cannot find module '../../../../../../src/database/entities/tasks.entity' or its corresponding type declarations.
marketplace/shared/mero-board/services/task.service.ts(9,48): error TS2307: Cannot find module '../../../../../../src/database/entities/tasks.entity' or its corresponding type declarations.
marketplace/shared/mero-board/services/task.service.ts(10,25): error TS2307: Cannot find module '../../../../../../src/database/entities/projects.entity' or its corresponding type declarations.
marketplace/shared/mero-board/services/task.service.ts(25,61): error TS2307: Cannot find module '../../../../../../src/notifications/notification-helper.service' or its corresponding type declarations.
marketplace/shared/mero-board/services/task.service.ts(26,22): error TS2307: Cannot find module '../../../../../../src/database/entities/users.entity' or its corresponding type declarations.
marketplace/shared/mero-board/services/workspace-template.service.ts(14,25): error TS2307: Cannot find module '../../../../../../src/database/entities/projects.entity' or its corresponding type declarations.
marketplace/shared/mero-board/services/workspace-template.service.ts(15,22): error TS2307: Cannot find module '../../../../../../src/database/entities/tasks.entity' or its corresponding type declarations.
marketplace/shared/mero-board/services/workspace.service.ts(12,22): error TS2307: Cannot find module '../../../../../../src/database/entities/users.entity' or its corresponding type declarations.
src/database/init-database.ts(11,47): error TS2307: Cannot find module '../../apps/marketplace/shared/mero-board/backend/seeds/workspace-project-templates.seed' or its corresponding type declarations.
src/database/seeds/run-seeds.ts(11,47): error TS2307: Cannot find module '../../../apps/marketplace/shared/mero-board/backend/seeds/workspace-project-templates.seed' or its corresponding type declarations.
src/payments/stripe.service.ts(49,11): error TS2322: Type '"2025-11-17.clover"' is not assignable to type '"2026-01-28.clover"'.
