../apps/marketplace/organization/mero-crm/frontend/src/App.tsx(4,25): error TS2307: Cannot find module '@shared' or its corresponding type declarations.
../apps/marketplace/organization/mero-crm/frontend/src/App.tsx(21,24): error TS2307: Cannot find module '@shared' or its corresponding type declarations.
../apps/marketplace/organization/mero-crm/frontend/src/App.tsx(109,59): error TS2339: Property 'mfa_enabled' does not exist on type 'Organization'.
../apps/marketplace/organization/mero-crm/frontend/src/components/LockScreen.tsx(1,48): error TS2307: Cannot find module '@shared' or its corresponding type declarations.
../apps/marketplace/organization/mero-crm/frontend/src/layouts/DashboardLayout.tsx(3,61): error TS2307: Cannot find module '@shared' or its corresponding type declarations.
../apps/marketplace/organization/mero-crm/frontend/src/layouts/DashboardLayout.tsx(60,36): error TS2551: Property 'firstName' does not exist on type 'User'. Did you mean 'first_name'?
../apps/marketplace/organization/mero-crm/frontend/src/layouts/DashboardLayout.tsx(60,54): error TS2551: Property 'lastName' does not exist on type 'User'. Did you mean 'last_name'?
../apps/marketplace/organization/mero-crm/frontend/src/MeroCrmRouter.tsx(19,25): error TS2307: Cannot find module '@shared' or its corresponding type declarations.
../apps/marketplace/organization/mero-crm/frontend/src/pages/clients/ClientDetailPage.tsx(5,37): error TS2307: Cannot find module '@shared' or its corresponding type declarations.
../apps/marketplace/organization/mero-crm/frontend/src/pages/clients/ClientDetailPage.tsx(7,23): error TS2307: Cannot find module '@shared' or its corresponding type declarations.
../apps/marketplace/organization/mero-crm/frontend/src/pages/clients/ClientFormPage.tsx(5,54): error TS2307: Cannot find module '@shared' or its corresponding type declarations.
../apps/marketplace/organization/mero-crm/frontend/src/pages/clients/ClientFormPage.tsx(7,23): error TS2307: Cannot find module '@shared' or its corresponding type declarations.
../apps/marketplace/organization/mero-crm/frontend/src/pages/clients/ClientsListPage.tsx(5,37): error TS2307: Cannot find module '@shared' or its corresponding type declarations.
../apps/marketplace/organization/mero-crm/frontend/src/pages/clients/ClientsListPage.tsx(7,23): error TS2307: Cannot find module '@shared' or its corresponding type declarations.
../apps/marketplace/organization/mero-crm/frontend/src/pages/DashboardPage.tsx(5,22): error TS2307: Cannot find module '@shared' or its corresponding type declarations.
../apps/marketplace/organization/mero-crm/frontend/src/pages/invoices/InvoiceDetailPage.tsx(5,37): error TS2307: Cannot find module '@shared' or its corresponding type declarations.
../apps/marketplace/organization/mero-crm/frontend/src/pages/invoices/InvoiceDetailPage.tsx(7,23): error TS2307: Cannot find module '@shared' or its corresponding type declarations.
../apps/marketplace/organization/mero-crm/frontend/src/pages/invoices/InvoiceFormPage.tsx(6,54): error TS2307: Cannot find module '@shared' or its corresponding type declarations.
../apps/marketplace/organization/mero-crm/frontend/src/pages/invoices/InvoiceFormPage.tsx(8,23): error TS2307: Cannot find module '@shared' or its corresponding type declarations.
../apps/marketplace/organization/mero-crm/frontend/src/pages/invoices/InvoicesListPage.tsx(5,44): error TS2307: Cannot find module '@shared' or its corresponding type declarations.
../apps/marketplace/organization/mero-crm/frontend/src/pages/invoices/InvoicesListPage.tsx(7,23): error TS2307: Cannot find module '@shared' or its corresponding type declarations.
../apps/marketplace/organization/mero-crm/frontend/src/pages/LoginPage.tsx(10,99): error TS2307: Cannot find module '@shared' or its corresponding type declarations.
../apps/marketplace/organization/mero-crm/frontend/src/pages/payments/PaymentDetailPage.tsx(5,37): error TS2307: Cannot find module '@shared' or its corresponding type declarations.
../apps/marketplace/organization/mero-crm/frontend/src/pages/payments/PaymentDetailPage.tsx(7,23): error TS2307: Cannot find module '@shared' or its corresponding type declarations.
../apps/marketplace/organization/mero-crm/frontend/src/pages/payments/PaymentFormPage.tsx(6,54): error TS2307: Cannot find module '@shared' or its corresponding type declarations.
../apps/marketplace/organization/mero-crm/frontend/src/pages/payments/PaymentFormPage.tsx(8,23): error TS2307: Cannot find module '@shared' or its corresponding type declarations.
../apps/marketplace/organization/mero-crm/frontend/src/pages/payments/PaymentsListPage.tsx(5,44): error TS2307: Cannot find module '@shared' or its corresponding type declarations.
../apps/marketplace/organization/mero-crm/frontend/src/pages/payments/PaymentsListPage.tsx(7,23): error TS2307: Cannot find module '@shared' or its corresponding type declarations.
../apps/marketplace/organization/mero-crm/frontend/src/pages/quotes/QuoteDetailPage.tsx(5,37): error TS2307: Cannot find module '@shared' or its corresponding type declarations.
../apps/marketplace/organization/mero-crm/frontend/src/pages/quotes/QuoteDetailPage.tsx(7,23): error TS2307: Cannot find module '@shared' or its corresponding type declarations.
../apps/marketplace/organization/mero-crm/frontend/src/pages/quotes/QuoteFormPage.tsx(7,54): error TS2307: Cannot find module '@shared' or its corresponding type declarations.
../apps/marketplace/organization/mero-crm/frontend/src/pages/quotes/QuoteFormPage.tsx(9,23): error TS2307: Cannot find module '@shared' or its corresponding type declarations.
../apps/marketplace/organization/mero-crm/frontend/src/pages/quotes/QuotesListPage.tsx(5,44): error TS2307: Cannot find module '@shared' or its corresponding type declarations.
../apps/marketplace/organization/mero-crm/frontend/src/pages/quotes/QuotesListPage.tsx(7,23): error TS2307: Cannot find module '@shared' or its corresponding type declarations.
../apps/marketplace/organization/mero-crm/frontend/src/pages/settings/CrmSettingsPage.tsx(4,22): error TS2307: Cannot find module '@shared' or its corresponding type declarations.
../apps/marketplace/organization/mero-crm/frontend/src/pages/settings/tabs/GeneralSettings.tsx(3,51): error TS2307: Cannot find module '@shared' or its corresponding type declarations.
../apps/marketplace/organization/mero-crm/frontend/src/pages/settings/tabs/PaymentModesSettings.tsx(3,61): error TS2307: Cannot find module '@shared' or its corresponding type declarations.
../apps/marketplace/organization/mero-crm/frontend/src/pages/settings/tabs/TaxesSettings.tsx(3,51): error TS2307: Cannot find module '@shared' or its corresponding type declarations.
../apps/marketplace/shared/mero-board/frontend/components/EpicManagement.tsx(3,114): error TS2307: Cannot find module '@shared' or its corresponding type declarations.
../apps/marketplace/shared/mero-board/frontend/components/MeroBoardSidebar.tsx(29,56): error TS2307: Cannot find module '@shared' or its corresponding type declarations.
../apps/marketplace/shared/mero-board/frontend/components/ProjectTemplateSelector.tsx(15,8): error TS2307: Cannot find module '@shared' or its corresponding type declarations.
../apps/marketplace/shared/mero-board/frontend/components/TaskAttachmentUpload.tsx(3,33): error TS2307: Cannot find module '@shared' or its corresponding type declarations.
../apps/marketplace/shared/mero-board/frontend/components/TaskCalendar.tsx(4,35): error TS2307: Cannot find module '@shared' or its corresponding type declarations.
../apps/marketplace/shared/mero-board/frontend/components/TaskGantt.tsx(2,35): error TS2307: Cannot find module '@shared' or its corresponding type declarations.
../apps/marketplace/shared/mero-board/frontend/components/TaskKanban.tsx(2,50): error TS2307: Cannot find module '@shared' or its corresponding type declarations.
../apps/marketplace/shared/mero-board/frontend/components/WorkspaceMembers.tsx(14,8): error TS2307: Cannot find module '@shared' or its corresponding type declarations.
../apps/marketplace/shared/mero-board/frontend/components/WorkspaceTemplateSelector.tsx(13,8): error TS2307: Cannot find module '@shared' or its corresponding type declarations.
../apps/marketplace/shared/mero-board/frontend/MeroBoardRouter.tsx(5,39): error TS2307: Cannot find module '@shared' or its corresponding type declarations.
../apps/marketplace/shared/mero-board/frontend/pages/ProjectDetailPage.tsx(4,75): error TS2307: Cannot find module '@shared/frontend' or its corresponding type declarations.
../apps/marketplace/shared/mero-board/frontend/pages/ProjectsPage.tsx(4,80): error TS2307: Cannot find module '@shared/frontend' or its corresponding type declarations.
../apps/marketplace/shared/mero-board/frontend/pages/ReportsPage.tsx(13,8): error TS2307: Cannot find module '@shared/frontend' or its corresponding type declarations.
../apps/marketplace/shared/mero-board/frontend/pages/TaskDetailPage.tsx(18,8): error TS2307: Cannot find module '@shared/frontend' or its corresponding type declarations.
../apps/marketplace/shared/mero-board/frontend/pages/TasksPage.tsx(17,8): error TS2307: Cannot find module '@shared/frontend' or its corresponding type declarations.
../apps/marketplace/shared/mero-board/frontend/pages/WorkspaceDetailPage.tsx(4,75): error TS2307: Cannot find module '@shared/frontend' or its corresponding type declarations.
../apps/marketplace/shared/mero-board/frontend/pages/WorkspaceSettingsPage.tsx(4,92): error TS2307: Cannot find module '@shared/frontend' or its corresponding type declarations.
../apps/marketplace/shared/mero-board/frontend/pages/WorkspacesPage.tsx(4,99): error TS2307: Cannot find module '@shared/frontend' or its corresponding type declarations.
../apps/marketplace/shared/mero-saas-kit/frontend/pages/ComingSoonPage.tsx(3,58): error TS2307: Cannot find module '@shared' or its corresponding type declarations.
../apps/system-admin/frontend/pages/AppsPage.tsx(3,89): error TS2307: Cannot find module '@shared/frontend' or its corresponding type declarations.
../apps/system-admin/frontend/pages/DashboardPage.tsx(3,67): error TS2307: Cannot find module '@shared/frontend' or its corresponding type declarations.
../apps/system-admin/frontend/pages/OrganizationsPage.tsx(3,89): error TS2307: Cannot find module '@shared/frontend' or its corresponding type declarations.
../apps/system-admin/frontend/pages/SettingsPage.tsx(3,74): error TS2307: Cannot find module '@shared/frontend' or its corresponding type declarations.
../apps/system-admin/frontend/pages/UsersPage.tsx(3,89): error TS2307: Cannot find module '@shared/frontend' or its corresponding type declarations.
../apps/system-admin/frontend/src/pages/AppsPage.tsx(3,89): error TS2307: Cannot find module '@shared/frontend' or its corresponding type declarations.
../apps/system-admin/frontend/src/pages/DashboardPage.tsx(3,67): error TS2307: Cannot find module '@shared/frontend' or its corresponding type declarations.
../apps/system-admin/frontend/src/pages/LoginPage.tsx(10,90): error TS2307: Cannot find module '@shared/frontend' or its corresponding type declarations.
../apps/system-admin/frontend/src/pages/LoginPage.tsx(34,27): error TS2345: Argument of type 'ZodObject<{ email: ZodString; password: ZodString; }, "strip", ZodTypeAny, { email: string; password: string; }, { email: string; password: string; }>' is not assignable to parameter of type 'ZodType<any, any, $ZodTypeInternals<any, any>>'.
  Type 'ZodObject<{ email: ZodString; password: ZodString; }, "strip", ZodTypeAny, { email: string; password: string; }, { email: string; password: string; }>' is missing the following properties from type 'ZodType<any, any, $ZodTypeInternals<any, any>>': def, type, toJSONSchema, check, and 18 more.
../apps/system-admin/frontend/src/pages/OrganizationsPage.tsx(3,89): error TS2307: Cannot find module '@shared/frontend' or its corresponding type declarations.
../apps/system-admin/frontend/src/pages/SettingsPage.tsx(3,74): error TS2307: Cannot find module '@shared/frontend' or its corresponding type declarations.
../apps/system-admin/frontend/src/pages/UsersPage.tsx(3,89): error TS2307: Cannot find module '@shared/frontend' or its corresponding type declarations.
../apps/system-admin/frontend/src/SystemAdminRouter.tsx(4,39): error TS2307: Cannot find module '@shared/frontend' or its corresponding type declarations.
../apps/system-admin/frontend/SystemAdminRouter.tsx(4,39): error TS2307: Cannot find module '@shared/frontend' or its corresponding type declarations.
../apps/system-admin/frontend/vite.config.ts(7,13): error TS2769: No overload matches this call.
  The last overload gave the following error.
    Type 'Plugin<any>[]' is not assignable to type 'PluginOption'.
      Type 'Plugin<any>[]' is not assignable to type 'PluginOption[]'.
        Type 'Plugin<any>' is not assignable to type 'PluginOption'.
          Type 'import("D:/Blendwit Product/SaaS Product/mero_jugx/apps/marketplace/organization/mero-crm/frontend/node_modules/vite/dist/node/index").Plugin<any>' is not assignable to type 'import("D:/Blendwit Product/SaaS Product/mero_jugx/apps/system-admin/frontend/node_modules/vite/dist/node/index").Plugin<any>'.
            Types of property 'apply' are incompatible.
              Type '"serve" | "build" | ((this: void, config: import("D:/Blendwit Product/SaaS Product/mero_jugx/apps/marketplace/organization/mero-crm/frontend/node_modules/vite/dist/node/index").UserConfig, env: import("D:/Blendwit Product/SaaS Product/mero_jugx/apps/marketplace/organization/mero-crm/frontend/node_modules/vite/dist/n...' is not assignable to type '"serve" | "build" | ((this: void, config: import("D:/Blendwit Product/SaaS Product/mero_jugx/apps/system-admin/frontend/node_modules/vite/dist/node/index").UserConfig, env: import("D:/Blendwit Product/SaaS Product/mero_jugx/apps/system-admin/frontend/node_modules/vite/dist/node/index").ConfigEnv) => boolean) | undef...'.
                Type '(this: void, config: UserConfig, env: ConfigEnv) => boolean' is not assignable to type '"serve" | "build" | ((this: void, config: UserConfig, env: ConfigEnv) => boolean) | undefined'.
                  Type '(this: void, config: import("D:/Blendwit Product/SaaS Product/mero_jugx/apps/marketplace/organization/mero-crm/frontend/node_modules/vite/dist/node/index").UserConfig, env: import("D:/Blendwit Product/SaaS Product/mero_jugx/apps/marketplace/organization/mero-crm/frontend/node_modules/vite/dist/node/index").ConfigEnv...' is not assignable to type '(this: void, config: import("D:/Blendwit Product/SaaS Product/mero_jugx/apps/system-admin/frontend/node_modules/vite/dist/node/index").UserConfig, env: import("D:/Blendwit Product/SaaS Product/mero_jugx/apps/system-admin/frontend/node_modules/vite/dist/node/index").ConfigEnv) => boolean'.
                    Types of parameters 'config' and 'config' are incompatible.
                      Type 'import("D:/Blendwit Product/SaaS Product/mero_jugx/apps/system-admin/frontend/node_modules/vite/dist/node/index").UserConfig' is not assignable to type 'import("D:/Blendwit Product/SaaS Product/mero_jugx/apps/marketplace/organization/mero-crm/frontend/node_modules/vite/dist/node/index").UserConfig'.
                        Types of property 'plugins' are incompatible.
                          Type 'import("D:/Blendwit Product/SaaS Product/mero_jugx/apps/system-admin/frontend/node_modules/vite/dist/node/index").PluginOption[] | undefined' is not assignable to type 'import("D:/Blendwit Product/SaaS Product/mero_jugx/apps/marketplace/organization/mero-crm/frontend/node_modules/vite/dist/node/index").PluginOption[] | undefined'.
                            Type 'import("D:/Blendwit Product/SaaS Product/mero_jugx/apps/system-admin/frontend/node_modules/vite/dist/node/index").PluginOption[]' is not assignable to type 'import("D:/Blendwit Product/SaaS Product/mero_jugx/apps/marketplace/organization/mero-crm/frontend/node_modules/vite/dist/node/index").PluginOption[]'.
                              Type 'import("D:/Blendwit Product/SaaS Product/mero_jugx/apps/system-admin/frontend/node_modules/vite/dist/node/index").PluginOption' is not assignable to type 'import("D:/Blendwit Product/SaaS Product/mero_jugx/apps/marketplace/organization/mero-crm/frontend/node_modules/vite/dist/node/index").PluginOption'.
                                Type 'Plugin<any>' is not assignable to type 'PluginOption'.
                                  Type 'import("D:/Blendwit Product/SaaS Product/mero_jugx/apps/system-admin/frontend/node_modules/vite/dist/node/index").Plugin<any>' is not assignable to type 'import("D:/Blendwit Product/SaaS Product/mero_jugx/apps/marketplace/organization/mero-crm/frontend/node_modules/vite/dist/node/index").Plugin<any>'.
                                    Types of property 'apply' are incompatible.
                                      Type '"serve" | "build" | ((this: void, config: import("D:/Blendwit Product/SaaS Product/mero_jugx/apps/system-admin/frontend/node_modules/vite/dist/node/index").UserConfig, env: import("D:/Blendwit Product/SaaS Product/mero_jugx/apps/system-admin/frontend/node_modules/vite/dist/node/index").ConfigEnv) => boolean) | undef...' is not assignable to type '"serve" | "build" | ((this: void, config: import("D:/Blendwit Product/SaaS Product/mero_jugx/apps/marketplace/organization/mero-crm/frontend/node_modules/vite/dist/node/index").UserConfig, env: import("D:/Blendwit Product/SaaS Product/mero_jugx/apps/marketplace/organization/mero-crm/frontend/node_modules/vite/dist/n...'.
                                        Type '(this: void, config: UserConfig, env: ConfigEnv) => boolean' is not assignable to type '"serve" | "build" | ((this: void, config: UserConfig, env: ConfigEnv) => boolean) | undefined'.
                                          Type '(this: void, config: import("D:/Blendwit Product/SaaS Product/mero_jugx/apps/system-admin/frontend/node_modules/vite/dist/node/index").UserConfig, env: import("D:/Blendwit Product/SaaS Product/mero_jugx/apps/system-admin/frontend/node_modules/vite/dist/node/index").ConfigEnv) => boolean' is not assignable to type '(this: void, config: import("D:/Blendwit Product/SaaS Product/mero_jugx/apps/marketplace/organization/mero-crm/frontend/node_modules/vite/dist/node/index").UserConfig, env: import("D:/Blendwit Product/SaaS Product/mero_jugx/apps/marketplace/organization/mero-crm/frontend/node_modules/vite/dist/node/index").ConfigEnv...'.
                                            Types of parameters 'config' and 'config' are incompatible.
                                              Type 'import("D:/Blendwit Product/SaaS Product/mero_jugx/apps/marketplace/organization/mero-crm/frontend/node_modules/vite/dist/node/index").UserConfig' is not assignable to type 'import("D:/Blendwit Product/SaaS Product/mero_jugx/apps/system-admin/frontend/node_modules/vite/dist/node/index").UserConfig'.
                                                Types of property 'plugins' are incompatible.
                                                  Type 'import("D:/Blendwit Product/SaaS Product/mero_jugx/apps/marketplace/organization/mero-crm/frontend/node_modules/vite/dist/node/index").PluginOption[] | undefined' is not assignable to type 'import("D:/Blendwit Product/SaaS Product/mero_jugx/apps/system-admin/frontend/node_modules/vite/dist/node/index").PluginOption[] | undefined'.
                                                    Type 'import("D:/Blendwit Product/SaaS Product/mero_jugx/apps/marketplace/organization/mero-crm/frontend/node_modules/vite/dist/node/index").PluginOption[]' is not assignable to type 'import("D:/Blendwit Product/SaaS Product/mero_jugx/apps/system-admin/frontend/node_modules/vite/dist/node/index").PluginOption[]'.
                                                      Type 'import("D:/Blendwit Product/SaaS Product/mero_jugx/apps/marketplace/organization/mero-crm/frontend/node_modules/vite/dist/node/index").PluginOption' is not assignable to type 'import("D:/Blendwit Product/SaaS Product/mero_jugx/apps/system-admin/frontend/node_modules/vite/dist/node/index").PluginOption'.
                                                        Type 'Promise<false | Plugin<any> | PluginOption[] | null | undefined>' is not assignable to type 'PluginOption'.
                                                          Type 'Promise<false | import("D:/Blendwit Product/SaaS Product/mero_jugx/apps/marketplace/organization/mero-crm/frontend/node_modules/vite/dist/node/index").Plugin<any> | import("D:/Blendwit Product/SaaS Product/mero_jugx/apps/marketplace/organization/mero-crm/frontend/node_modules/vite/dist/node/index").PluginOption[] | ...' is not assignable to type 'Promise<false | import("D:/Blendwit Product/SaaS Product/mero_jugx/apps/system-admin/frontend/node_modules/vite/dist/node/index").Plugin<any> | import("D:/Blendwit Product/SaaS Product/mero_jugx/apps/system-admin/frontend/node_modules/vite/dist/node/index").PluginOption[] | null | undefined>'.
                                                            Type 'false | import("D:/Blendwit Product/SaaS Product/mero_jugx/apps/marketplace/organization/mero-crm/frontend/node_modules/vite/dist/node/index").Plugin<any> | import("D:/Blendwit Product/SaaS Product/mero_jugx/apps/marketplace/organization/mero-crm/frontend/node_modules/vite/dist/node/index").PluginOption[] | null | u...' is not assignable to type 'false | import("D:/Blendwit Product/SaaS Product/mero_jugx/apps/system-admin/frontend/node_modules/vite/dist/node/index").Plugin<any> | import("D:/Blendwit Product/SaaS Product/mero_jugx/apps/system-admin/frontend/node_modules/vite/dist/node/index").PluginOption[] | null | undefined'.
                                                              Type 'Plugin<any>' is not assignable to type 'false | Plugin<any> | PluginOption[] | null | undefined'.
src/components/AppHeader/AppHeaderWrapper.tsx(4,27): error TS2307: Cannot find module '@shared' or its corresponding type declarations.
src/components/ErrorBoundary.tsx(26,10): error TS2339: Property 'state' does not exist on type 'ErrorBoundaryClass'.
src/components/ErrorBoundary.tsx(43,10): error TS2339: Property 'setState' does not exist on type 'ErrorBoundaryClass'.
src/components/ErrorBoundary.tsx(61,49): error TS2339: Property 'state' does not exist on type 'ErrorBoundaryClass'.
src/components/ErrorBoundary.tsx(63,16): error TS2339: Property 'props' does not exist on type 'ErrorBoundaryClass'.
src/components/ErrorBoundary.tsx(64,21): error TS2339: Property 'props' does not exist on type 'ErrorBoundaryClass'.
src/components/ErrorBoundary.tsx(70,17): error TS2339: Property 'props' does not exist on type 'ErrorBoundaryClass'.
src/components/LockScreen.tsx(1,48): error TS2307: Cannot find module '@shared' or its corresponding type declarations.
src/components/Taskbar/Taskbar.tsx(18,24): error TS2307: Cannot find module '@shared' or its corresponding type declarations.
src/components/ToastProviderWrapper.tsx(3,31): error TS2307: Cannot find module '@shared' or its corresponding type declarations.
src/pages/apps/AppInvitationsPage.tsx(13,8): error TS2307: Cannot find module '@shared' or its corresponding type declarations.
src/pages/apps/AppsPage.tsx(39,104): error TS2307: Cannot find module '@shared' or its corresponding type declarations.
src/pages/audit-logs/AuditLogsPage.tsx(10,57): error TS2307: Cannot find module '@shared' or its corresponding type declarations.
src/pages/auth/ForgotPasswordPage.tsx(9,31): error TS2307: Cannot find module '@shared' or its corresponding type declarations.
src/pages/auth/LoginPage.tsx(11,99): error TS2307: Cannot find module '@shared' or its corresponding type declarations.
src/pages/auth/RegisterOrganizationPage.tsx(10,50): error TS2307: Cannot find module '@shared' or its corresponding type declarations.
src/pages/auth/ResetPasswordPage.tsx(10,31): error TS2307: Cannot find module '@shared' or its corresponding type declarations.
src/pages/auth/SystemAdminLoginPage.tsx(10,90): error TS2307: Cannot find module '@shared' or its corresponding type declarations.
src/pages/billing/BillingPage.tsx(12,24): error TS2307: Cannot find module '@shared' or its corresponding type declarations.
src/pages/creator/ComingSoonPage.tsx(4,24): error TS2307: Cannot find module '@shared' or its corresponding type declarations.
src/pages/invitations/AcceptInvitationPage.tsx(9,31): error TS2307: Cannot find module '@shared' or its corresponding type declarations.
src/pages/invitations/InvitationsPage.tsx(13,104): error TS2307: Cannot find module '@shared' or its corresponding type declarations.
src/pages/mfa/MfaSetupPage.tsx(9,50): error TS2307: Cannot find module '@shared' or its corresponding type declarations.
src/pages/organizations/OrganizationsPage.tsx(16,69): error TS2307: Cannot find module '@shared' or its corresponding type declarations.
src/pages/packages/PackagesPage.tsx(16,30): error TS2307: Cannot find module '@shared' or its corresponding type declarations.
src/pages/payment/PaymentFailurePage.tsx(4,24): error TS2307: Cannot find module '@shared' or its corresponding type declarations.
src/pages/profile/ProfilePage.tsx(33,62): error TS2307: Cannot find module '@shared' or its corresponding type declarations.
src/pages/settings/SettingsPage.tsx(12,25): error TS2307: Cannot find module '@shared' or its corresponding type declarations.
src/pages/tickets/CreateTicketPage.tsx(15,85): error TS2307: Cannot find module '@shared' or its corresponding type declarations.
src/pages/tickets/TicketsPage.tsx(11,50): error TS2307: Cannot find module '@shared' or its corresponding type declarations.
src/pages/users/UsersPage.tsx(14,104): error TS2307: Cannot find module '@shared' or its corresponding type declarations.
