marketplace/organization/mero-crm/src/App.tsx(4,25): error TS2307: Cannot find module '@shared' or its corresponding type declarations.
marketplace/organization/mero-crm/src/App.tsx(21,24): error TS2307: Cannot find module '@shared' or its corresponding type declarations.
marketplace/organization/mero-crm/src/App.tsx(109,59): error TS2339: Property 'mfa_enabled' does not exist on type 'Organization'.
marketplace/organization/mero-crm/src/components/LockScreen.tsx(1,48): error TS2307: Cannot find module '@shared' or its corresponding type declarations.
marketplace/organization/mero-crm/src/layouts/DashboardLayout.tsx(3,61): error TS2307: Cannot find module '@shared' or its corresponding type declarations.
marketplace/organization/mero-crm/src/layouts/DashboardLayout.tsx(60,36): error TS2551: Property 'firstName' does not exist on type 'User'. Did you mean 'first_name'?
marketplace/organization/mero-crm/src/layouts/DashboardLayout.tsx(60,54): error TS2551: Property 'lastName' does not exist on type 'User'. Did you mean 'last_name'?
marketplace/organization/mero-crm/src/pages/clients/ClientDetailPage.tsx(5,37): error TS2307: Cannot find module '@shared' or its corresponding type declarations.
marketplace/organization/mero-crm/src/pages/clients/ClientDetailPage.tsx(7,23): error TS2307: Cannot find module '@shared' or its corresponding type declarations.
marketplace/organization/mero-crm/src/pages/clients/ClientFormPage.tsx(5,54): error TS2307: Cannot find module '@shared' or its corresponding type declarations.
marketplace/organization/mero-crm/src/pages/clients/ClientFormPage.tsx(7,23): error TS2307: Cannot find module '@shared' or its corresponding type declarations.
marketplace/organization/mero-crm/src/pages/clients/ClientsListPage.tsx(5,37): error TS2307: Cannot find module '@shared' or its corresponding type declarations.
marketplace/organization/mero-crm/src/pages/clients/ClientsListPage.tsx(7,23): error TS2307: Cannot find module '@shared' or its corresponding type declarations.
marketplace/organization/mero-crm/src/pages/deals/DealFormPage.tsx(6,37): error TS2307: Cannot find module '@shared' or its corresponding type declarations.
marketplace/organization/mero-crm/src/pages/deals/DealFormPage.tsx(8,23): error TS2307: Cannot find module '@shared' or its corresponding type declarations.
marketplace/organization/mero-crm/src/pages/deals/DealsListPage.tsx(5,30): error TS2307: Cannot find module '@shared' or its corresponding type declarations.
marketplace/organization/mero-crm/src/pages/deals/DealsListPage.tsx(7,23): error TS2307: Cannot find module '@shared' or its corresponding type declarations.
marketplace/organization/mero-crm/src/pages/invoices/InvoiceDetailPage.tsx(5,37): error TS2307: Cannot find module '@shared' or its corresponding type declarations.
marketplace/organization/mero-crm/src/pages/invoices/InvoiceDetailPage.tsx(7,23): error TS2307: Cannot find module '@shared' or its corresponding type declarations.
marketplace/organization/mero-crm/src/pages/invoices/InvoiceFormPage.tsx(6,54): error TS2307: Cannot find module '@shared' or its corresponding type declarations.
marketplace/organization/mero-crm/src/pages/invoices/InvoiceFormPage.tsx(8,23): error TS2307: Cannot find module '@shared' or its corresponding type declarations.
marketplace/organization/mero-crm/src/pages/invoices/InvoicesListPage.tsx(5,44): error TS2307: Cannot find module '@shared' or its corresponding type declarations.
marketplace/organization/mero-crm/src/pages/invoices/InvoicesListPage.tsx(7,23): error TS2307: Cannot find module '@shared' or its corresponding type declarations.
marketplace/organization/mero-crm/src/pages/leads/LeadFormPage.tsx(5,37): error TS2307: Cannot find module '@shared' or its corresponding type declarations.
marketplace/organization/mero-crm/src/pages/leads/LeadFormPage.tsx(7,23): error TS2307: Cannot find module '@shared' or its corresponding type declarations.
marketplace/organization/mero-crm/src/pages/leads/LeadsListPage.tsx(5,37): error TS2307: Cannot find module '@shared' or its corresponding type declarations.
marketplace/organization/mero-crm/src/pages/leads/LeadsListPage.tsx(7,23): error TS2307: Cannot find module '@shared' or its corresponding type declarations.
marketplace/organization/mero-crm/src/pages/LoginPage.tsx(10,99): error TS2307: Cannot find module '@shared' or its corresponding type declarations.
marketplace/organization/mero-crm/src/pages/payments/PaymentDetailPage.tsx(5,37): error TS2307: Cannot find module '@shared' or its corresponding type declarations.
marketplace/organization/mero-crm/src/pages/payments/PaymentDetailPage.tsx(7,23): error TS2307: Cannot find module '@shared' or its corresponding type declarations.
marketplace/organization/mero-crm/src/pages/payments/PaymentFormPage.tsx(6,54): error TS2307: Cannot find module '@shared' or its corresponding type declarations.
marketplace/organization/mero-crm/src/pages/payments/PaymentFormPage.tsx(8,23): error TS2307: Cannot find module '@shared' or its corresponding type declarations.
marketplace/organization/mero-crm/src/pages/payments/PaymentsListPage.tsx(5,44): error TS2307: Cannot find module '@shared' or its corresponding type declarations.
marketplace/organization/mero-crm/src/pages/payments/PaymentsListPage.tsx(7,23): error TS2307: Cannot find module '@shared' or its corresponding type declarations.
marketplace/organization/mero-crm/src/pages/quotes/QuoteDetailPage.tsx(5,37): error TS2307: Cannot find module '@shared' or its corresponding type declarations.
marketplace/organization/mero-crm/src/pages/quotes/QuoteDetailPage.tsx(7,23): error TS2307: Cannot find module '@shared' or its corresponding type declarations.
marketplace/organization/mero-crm/src/pages/quotes/QuoteFormPage.tsx(7,54): error TS2307: Cannot find module '@shared' or its corresponding type declarations.
marketplace/organization/mero-crm/src/pages/quotes/QuoteFormPage.tsx(9,23): error TS2307: Cannot find module '@shared' or its corresponding type declarations.
marketplace/organization/mero-crm/src/pages/quotes/QuotesListPage.tsx(5,44): error TS2307: Cannot find module '@shared' or its corresponding type declarations.
marketplace/organization/mero-crm/src/pages/quotes/QuotesListPage.tsx(7,23): error TS2307: Cannot find module '@shared' or its corresponding type declarations.
marketplace/organization/mero-crm/src/pages/settings/CrmSettingsPage.tsx(4,22): error TS2307: Cannot find module '@shared' or its corresponding type declarations.
marketplace/organization/mero-crm/src/pages/settings/tabs/GeneralSettings.tsx(3,51): error TS2307: Cannot find module '@shared' or its corresponding type declarations.
marketplace/organization/mero-crm/src/pages/settings/tabs/PaymentModesSettings.tsx(3,61): error TS2307: Cannot find module '@shared' or its corresponding type declarations.
marketplace/organization/mero-crm/src/pages/settings/tabs/TaxesSettings.tsx(3,51): error TS2307: Cannot find module '@shared' or its corresponding type declarations.
marketplace/organization/mero-inventory/pages/ProductsPage.tsx(150,48): error TS2322: Type '"outline" | "destructive"' is not assignable to type '"default" | "success" | "warning" | "info" | "primary" | "outline" | "secondary" | "danger" | undefined'.
  Type '"destructive"' is not assignable to type '"default" | "success" | "warning" | "info" | "primary" | "outline" | "secondary" | "danger" | undefined'.
marketplace/shared/mero-board/components/EpicManagement.tsx(3,114): error TS2307: Cannot find module '@shared' or its corresponding type declarations.
marketplace/shared/mero-board/components/ProjectTemplateSelector.tsx(15,8): error TS2307: Cannot find module '@shared' or its corresponding type declarations.
marketplace/shared/mero-board/components/TaskAttachmentUpload.tsx(3,33): error TS2307: Cannot find module '@shared' or its corresponding type declarations.
marketplace/shared/mero-board/components/TaskCalendar.tsx(4,35): error TS2307: Cannot find module '@shared' or its corresponding type declarations.
marketplace/shared/mero-board/components/TaskGantt.tsx(2,35): error TS2307: Cannot find module '@shared' or its corresponding type declarations.
marketplace/shared/mero-board/components/TaskKanban.tsx(2,50): error TS2307: Cannot find module '@shared' or its corresponding type declarations.
marketplace/shared/mero-board/components/TicketKanban.tsx(2,50): error TS2307: Cannot find module '@shared' or its corresponding type declarations.
marketplace/shared/mero-board/components/WorkspaceMembers.tsx(14,8): error TS2307: Cannot find module '@shared' or its corresponding type declarations.
marketplace/shared/mero-board/components/WorkspaceTemplateSelector.tsx(13,8): error TS2307: Cannot find module '@shared' or its corresponding type declarations.
marketplace/shared/mero-board/MeroBoardRouter.tsx(5,39): error TS2307: Cannot find module '@shared' or its corresponding type declarations.
marketplace/shared/mero-board/pages/BoardsPage.tsx(340,17): error TS2322: Type '{ isOpen: boolean; title: string; message: string; confirmLabel: string; cancelLabel: string; onConfirm: () => any; onCancel: () => any; isLoading: boolean; variant: "danger"; theme: any; }' is not assignable to type 'IntrinsicAttributes & ConfirmDialogProps'.
  Property 'confirmLabel' does not exist on type 'IntrinsicAttributes & ConfirmDialogProps'.
marketplace/shared/mero-saas-kit/pages/ComingSoonPage.tsx(3,58): error TS2307: Cannot find module '@shared' or its corresponding type declarations.
src/components/AppHeader/AppHeaderWrapper.tsx(4,27): error TS2307: Cannot find module '@shared' or its corresponding type declarations.
src/components/ErrorBoundary.tsx(26,10): error TS2339: Property 'state' does not exist on type 'ErrorBoundaryClass'.
src/components/ErrorBoundary.tsx(43,10): error TS2339: Property 'setState' does not exist on type 'ErrorBoundaryClass'.
src/components/ErrorBoundary.tsx(61,49): error TS2339: Property 'state' does not exist on type 'ErrorBoundaryClass'.
src/components/ErrorBoundary.tsx(63,16): error TS2339: Property 'props' does not exist on type 'ErrorBoundaryClass'.
src/components/ErrorBoundary.tsx(64,21): error TS2339: Property 'props' does not exist on type 'ErrorBoundaryClass'.
src/components/ErrorBoundary.tsx(70,17): error TS2339: Property 'props' does not exist on type 'ErrorBoundaryClass'.
src/components/LockScreen.tsx(1,48): error TS2307: Cannot find module '@shared' or its corresponding type declarations.
src/components/Taskbar/Taskbar.tsx(21,24): error TS2307: Cannot find module '@shared' or its corresponding type declarations.
src/components/ToastProviderWrapper.tsx(3,31): error TS2307: Cannot find module '@shared' or its corresponding type declarations.
src/pages/apps/AppInvitationsPage.tsx(13,8): error TS2307: Cannot find module '@shared' or its corresponding type declarations.
src/pages/apps/AppsPage.tsx(41,104): error TS2307: Cannot find module '@shared' or its corresponding type declarations.
src/pages/audit-logs/AuditLogsPage.tsx(10,57): error TS2307: Cannot find module '@shared' or its corresponding type declarations.
src/pages/auth/ForgotPasswordPage.tsx(9,31): error TS2307: Cannot find module '@shared' or its corresponding type declarations.
src/pages/auth/LoginPage.tsx(11,99): error TS2307: Cannot find module '@shared' or its corresponding type declarations.
src/pages/auth/RegisterOrganizationPage.tsx(10,50): error TS2307: Cannot find module '@shared' or its corresponding type declarations.
src/pages/auth/ResetPasswordPage.tsx(10,31): error TS2307: Cannot find module '@shared' or its corresponding type declarations.
src/pages/auth/SystemAdminLoginPage.tsx(10,90): error TS2307: Cannot find module '@shared' or its corresponding type declarations.
src/pages/billing/BillingPage.tsx(12,24): error TS2307: Cannot find module '@shared' or its corresponding type declarations.
src/pages/creator/ComingSoonPage.tsx(4,24): error TS2307: Cannot find module '@shared' or its corresponding type declarations.
src/pages/invitations/AcceptInvitationPage.tsx(9,31): error TS2307: Cannot find module '@shared' or its corresponding type declarations.
src/pages/invitations/InvitationsPage.tsx(13,104): error TS2307: Cannot find module '@shared' or its corresponding type declarations.
src/pages/mfa/MfaSetupPage.tsx(9,50): error TS2307: Cannot find module '@shared' or its corresponding type declarations.
src/pages/organizations/OrganizationsPage.tsx(16,69): error TS2307: Cannot find module '@shared' or its corresponding type declarations.
src/pages/packages/PackagesPage.tsx(16,30): error TS2307: Cannot find module '@shared' or its corresponding type declarations.
src/pages/payment/PaymentFailurePage.tsx(4,24): error TS2307: Cannot find module '@shared' or its corresponding type declarations.
src/pages/profile/ProfilePage.tsx(33,62): error TS2307: Cannot find module '@shared' or its corresponding type declarations.
src/pages/settings/SettingsPage.tsx(12,25): error TS2307: Cannot find module '@shared' or its corresponding type declarations.
src/pages/tickets/CreateTicketPage.tsx(15,85): error TS2307: Cannot find module '@shared' or its corresponding type declarations.
src/pages/tickets/TicketsPage.tsx(11,50): error TS2307: Cannot find module '@shared' or its corresponding type declarations.
src/pages/users/UsersPage.tsx(14,104): error TS2307: Cannot find module '@shared' or its corresponding type declarations.
